<?xml version="1.0"?>
<testsuites>
  <testsuite name="Chrome 44.0.2403 (Mac OS X 10.10.4)" package="" timestamp="2015-08-11T06:11:37" id="0" hostname="Sergeys-MBP.attlocal.net">
    <properties>
      <property name="browser.fullName" value="Mozilla/5.0 (Macintosh; Intel Mac OS X 10_10_4) AppleWebKit/537.36 (KHTML, like Gecko) Chrome/44.0.2403.130 Safari/537.36"/>
    </properties>
  </testsuite>
  <testsuite name="Chrome 44.0.2403 (Mac OS X 10.10.4)" package="" timestamp="2015-08-11T06:11:37" id="0" hostname="Sergeys-MBP.attlocal.net" tests="1" errors="0" failures="0" time="0.019">
    <properties>
      <property name="browser.fullName" value="Mozilla/5.0 (Macintosh; Intel Mac OS X 10_10_4) AppleWebKit/537.36 (KHTML, like Gecko) Chrome/44.0.2403.130 Safari/537.36"/>
    </properties>
    <testcase name="do something" time="0.019" classname="Chrome 44.0.2403 (Mac OS X 10.10.4).test"/>
    <system-out><![CDATA[
]]></system-out>
    <system-err/>
  </testsuite>
</testsuites>
